// Jest Snapshot v1, https://goo.gl/fbAQLP

exports[`renders correctly with defaults 1`] = `
ShallowWrapper {
  Symbol(enzyme.__root__): [Circular],
  Symbol(enzyme.__unrendered__): <Unknown />,
  Symbol(enzyme.__renderer__): Object {
    "batchedUpdates": [Function],
    "getNode": [Function],
    "render": [Function],
    "simulateError": [Function],
    "simulateEvent": [Function],
    "unmount": [Function],
  },
  Symbol(enzyme.__node__): Object {
    "instance": null,
    "key": undefined,
    "nodeType": "function",
    "props": Object {
      "children": Array [
        <UNDEFINED>
          React Native "native" SanityCheck
        </UNDEFINED>,
        <UNDEFINED>
          Tested Libraries:
        </UNDEFINED>,
        <UNDEFINED>
          <UNDEFINED>
            <UNDEFINED>
              - 16.5.0 react
            </UNDEFINED>
            <UNDEFINED>
              - 0.57.0 react-native
            </UNDEFINED>
            <UNDEFINED>
              - 3.0.3 typescript
            </UNDEFINED>
            <UNDEFINED>
              - 23.1.4 ts-jest
            </UNDEFINED>
            <UNDEFINED>
              - 2.14.2 react-navigation
            </UNDEFINED>
            <UNDEFINED>
              - 0.21.0 react-native-maps
            </UNDEFINED>
            <UNDEFINED>
              - 5.0.0 react-native-vector-icons
            </UNDEFINED>
            <UNDEFINED>
              - 0.19.0 react-native-elements
            </UNDEFINED>
            <UNDEFINED>
              - 2.1.11 react-apollo
            </UNDEFINED>
            <UNDEFINED>
              - 14.0.2 graphql
            </UNDEFINED>
            <UNDEFINED>
              - 0.1.16 apollo-boost
            </UNDEFINED>
            <UNDEFINED>
              - 1.1.1 aws-amplify
            </UNDEFINED>
          </UNDEFINED>
        </UNDEFINED>,
        <UNDEFINED>
          Basic icon and one from Elements
        </UNDEFINED>,
        <UNDEFINED
          color="blue"
          name="map-o"
          size={48}
        />,
        <UNDEFINED
          color="purple"
          name="user-o"
          size={48}
          type="font-awesome"
        />,
      ],
      "style": Object {
        "flex": 1,
        "justifyContent": "space-between",
      },
    },
    "ref": null,
    "rendered": Array [
      Object {
        "instance": null,
        "key": undefined,
        "nodeType": "function",
        "props": Object {
          "children": "React Native \\"native\\" SanityCheck",
        },
        "ref": null,
        "rendered": "React Native \\"native\\" SanityCheck",
        "type": undefined,
      },
      Object {
        "instance": null,
        "key": undefined,
        "nodeType": "function",
        "props": Object {
          "children": "Tested Libraries:",
        },
        "ref": null,
        "rendered": "Tested Libraries:",
        "type": undefined,
      },
      Object {
        "instance": null,
        "key": undefined,
        "nodeType": "function",
        "props": Object {
          "children": <UNDEFINED>
            <UNDEFINED>
              - 16.5.0 react
            </UNDEFINED>
            <UNDEFINED>
              - 0.57.0 react-native
            </UNDEFINED>
            <UNDEFINED>
              - 3.0.3 typescript
            </UNDEFINED>
            <UNDEFINED>
              - 23.1.4 ts-jest
            </UNDEFINED>
            <UNDEFINED>
              - 2.14.2 react-navigation
            </UNDEFINED>
            <UNDEFINED>
              - 0.21.0 react-native-maps
            </UNDEFINED>
            <UNDEFINED>
              - 5.0.0 react-native-vector-icons
            </UNDEFINED>
            <UNDEFINED>
              - 0.19.0 react-native-elements
            </UNDEFINED>
            <UNDEFINED>
              - 2.1.11 react-apollo
            </UNDEFINED>
            <UNDEFINED>
              - 14.0.2 graphql
            </UNDEFINED>
            <UNDEFINED>
              - 0.1.16 apollo-boost
            </UNDEFINED>
            <UNDEFINED>
              - 1.1.1 aws-amplify
            </UNDEFINED>
          </UNDEFINED>,
        },
        "ref": null,
        "rendered": Object {
          "instance": null,
          "key": undefined,
          "nodeType": "function",
          "props": Object {
            "children": Array [
              <UNDEFINED>
                - 16.5.0 react
              </UNDEFINED>,
              <UNDEFINED>
                - 0.57.0 react-native
              </UNDEFINED>,
              <UNDEFINED>
                - 3.0.3 typescript
              </UNDEFINED>,
              <UNDEFINED>
                - 23.1.4 ts-jest
              </UNDEFINED>,
              <UNDEFINED>
                - 2.14.2 react-navigation
              </UNDEFINED>,
              <UNDEFINED>
                - 0.21.0 react-native-maps
              </UNDEFINED>,
              <UNDEFINED>
                - 5.0.0 react-native-vector-icons
              </UNDEFINED>,
              <UNDEFINED>
                - 0.19.0 react-native-elements
              </UNDEFINED>,
              <UNDEFINED>
                - 2.1.11 react-apollo
              </UNDEFINED>,
              <UNDEFINED>
                - 14.0.2 graphql
              </UNDEFINED>,
              <UNDEFINED>
                - 0.1.16 apollo-boost
              </UNDEFINED>,
              <UNDEFINED>
                - 1.1.1 aws-amplify
              </UNDEFINED>,
            ],
          },
          "ref": null,
          "rendered": Array [
            Object {
              "instance": null,
              "key": undefined,
              "nodeType": "function",
              "props": Object {
                "children": "- 16.5.0 react",
              },
              "ref": null,
              "rendered": "- 16.5.0 react",
              "type": undefined,
            },
            Object {
              "instance": null,
              "key": undefined,
              "nodeType": "function",
              "props": Object {
                "children": "- 0.57.0 react-native",
              },
              "ref": null,
              "rendered": "- 0.57.0 react-native",
              "type": undefined,
            },
            Object {
              "instance": null,
              "key": undefined,
              "nodeType": "function",
              "props": Object {
                "children": "- 3.0.3 typescript",
              },
              "ref": null,
              "rendered": "- 3.0.3 typescript",
              "type": undefined,
            },
            Object {
              "instance": null,
              "key": undefined,
              "nodeType": "function",
              "props": Object {
                "children": "- 23.1.4 ts-jest",
              },
              "ref": null,
              "rendered": "- 23.1.4 ts-jest",
              "type": undefined,
            },
            Object {
              "instance": null,
              "key": undefined,
              "nodeType": "function",
              "props": Object {
                "children": "- 2.14.2 react-navigation",
              },
              "ref": null,
              "rendered": "- 2.14.2 react-navigation",
              "type": undefined,
            },
            Object {
              "instance": null,
              "key": undefined,
              "nodeType": "function",
              "props": Object {
                "children": "- 0.21.0 react-native-maps",
              },
              "ref": null,
              "rendered": "- 0.21.0 react-native-maps",
              "type": undefined,
            },
            Object {
              "instance": null,
              "key": undefined,
              "nodeType": "function",
              "props": Object {
                "children": "- 5.0.0 react-native-vector-icons",
              },
              "ref": null,
              "rendered": "- 5.0.0 react-native-vector-icons",
              "type": undefined,
            },
            Object {
              "instance": null,
              "key": undefined,
              "nodeType": "function",
              "props": Object {
                "children": "- 0.19.0 react-native-elements",
              },
              "ref": null,
              "rendered": "- 0.19.0 react-native-elements",
              "type": undefined,
            },
            Object {
              "instance": null,
              "key": undefined,
              "nodeType": "function",
              "props": Object {
                "children": "- 2.1.11 react-apollo",
              },
              "ref": null,
              "rendered": "- 2.1.11 react-apollo",
              "type": undefined,
            },
            Object {
              "instance": null,
              "key": undefined,
              "nodeType": "function",
              "props": Object {
                "children": "- 14.0.2 graphql",
              },
              "ref": null,
              "rendered": "- 14.0.2 graphql",
              "type": undefined,
            },
            Object {
              "instance": null,
              "key": undefined,
              "nodeType": "function",
              "props": Object {
                "children": "- 0.1.16 apollo-boost",
              },
              "ref": null,
              "rendered": "- 0.1.16 apollo-boost",
              "type": undefined,
            },
            Object {
              "instance": null,
              "key": undefined,
              "nodeType": "function",
              "props": Object {
                "children": "- 1.1.1 aws-amplify",
              },
              "ref": null,
              "rendered": "- 1.1.1 aws-amplify",
              "type": undefined,
            },
          ],
          "type": undefined,
        },
        "type": undefined,
      },
      Object {
        "instance": null,
        "key": undefined,
        "nodeType": "function",
        "props": Object {
          "children": "Basic icon and one from Elements",
        },
        "ref": null,
        "rendered": "Basic icon and one from Elements",
        "type": undefined,
      },
      Object {
        "instance": null,
        "key": undefined,
        "nodeType": "function",
        "props": Object {
          "color": "blue",
          "name": "map-o",
          "size": 48,
        },
        "ref": null,
        "rendered": null,
        "type": Object {
          "Button": "View",
          "TabBarItem": "View",
          "TabBarItemIOS": "View",
          "ToolbarAndroid": "View",
          "getImageSource": "View",
        },
      },
      Object {
        "instance": null,
        "key": undefined,
        "nodeType": "function",
        "props": Object {
          "color": "purple",
          "name": "user-o",
          "size": 48,
          "type": "font-awesome",
        },
        "ref": null,
        "rendered": null,
        "type": undefined,
      },
    ],
    "type": undefined,
  },
  Symbol(enzyme.__nodes__): Array [
    Object {
      "instance": null,
      "key": undefined,
      "nodeType": "function",
      "props": Object {
        "children": Array [
          <UNDEFINED>
            React Native "native" SanityCheck
          </UNDEFINED>,
          <UNDEFINED>
            Tested Libraries:
          </UNDEFINED>,
          <UNDEFINED>
            <UNDEFINED>
              <UNDEFINED>
                - 16.5.0 react
              </UNDEFINED>
              <UNDEFINED>
                - 0.57.0 react-native
              </UNDEFINED>
              <UNDEFINED>
                - 3.0.3 typescript
              </UNDEFINED>
              <UNDEFINED>
                - 23.1.4 ts-jest
              </UNDEFINED>
              <UNDEFINED>
                - 2.14.2 react-navigation
              </UNDEFINED>
              <UNDEFINED>
                - 0.21.0 react-native-maps
              </UNDEFINED>
              <UNDEFINED>
                - 5.0.0 react-native-vector-icons
              </UNDEFINED>
              <UNDEFINED>
                - 0.19.0 react-native-elements
              </UNDEFINED>
              <UNDEFINED>
                - 2.1.11 react-apollo
              </UNDEFINED>
              <UNDEFINED>
                - 14.0.2 graphql
              </UNDEFINED>
              <UNDEFINED>
                - 0.1.16 apollo-boost
              </UNDEFINED>
              <UNDEFINED>
                - 1.1.1 aws-amplify
              </UNDEFINED>
            </UNDEFINED>
          </UNDEFINED>,
          <UNDEFINED>
            Basic icon and one from Elements
          </UNDEFINED>,
          <UNDEFINED
            color="blue"
            name="map-o"
            size={48}
          />,
          <UNDEFINED
            color="purple"
            name="user-o"
            size={48}
            type="font-awesome"
          />,
        ],
        "style": Object {
          "flex": 1,
          "justifyContent": "space-between",
        },
      },
      "ref": null,
      "rendered": Array [
        Object {
          "instance": null,
          "key": undefined,
          "nodeType": "function",
          "props": Object {
            "children": "React Native \\"native\\" SanityCheck",
          },
          "ref": null,
          "rendered": "React Native \\"native\\" SanityCheck",
          "type": undefined,
        },
        Object {
          "instance": null,
          "key": undefined,
          "nodeType": "function",
          "props": Object {
            "children": "Tested Libraries:",
          },
          "ref": null,
          "rendered": "Tested Libraries:",
          "type": undefined,
        },
        Object {
          "instance": null,
          "key": undefined,
          "nodeType": "function",
          "props": Object {
            "children": <UNDEFINED>
              <UNDEFINED>
                - 16.5.0 react
              </UNDEFINED>
              <UNDEFINED>
                - 0.57.0 react-native
              </UNDEFINED>
              <UNDEFINED>
                - 3.0.3 typescript
              </UNDEFINED>
              <UNDEFINED>
                - 23.1.4 ts-jest
              </UNDEFINED>
              <UNDEFINED>
                - 2.14.2 react-navigation
              </UNDEFINED>
              <UNDEFINED>
                - 0.21.0 react-native-maps
              </UNDEFINED>
              <UNDEFINED>
                - 5.0.0 react-native-vector-icons
              </UNDEFINED>
              <UNDEFINED>
                - 0.19.0 react-native-elements
              </UNDEFINED>
              <UNDEFINED>
                - 2.1.11 react-apollo
              </UNDEFINED>
              <UNDEFINED>
                - 14.0.2 graphql
              </UNDEFINED>
              <UNDEFINED>
                - 0.1.16 apollo-boost
              </UNDEFINED>
              <UNDEFINED>
                - 1.1.1 aws-amplify
              </UNDEFINED>
            </UNDEFINED>,
          },
          "ref": null,
          "rendered": Object {
            "instance": null,
            "key": undefined,
            "nodeType": "function",
            "props": Object {
              "children": Array [
                <UNDEFINED>
                  - 16.5.0 react
                </UNDEFINED>,
                <UNDEFINED>
                  - 0.57.0 react-native
                </UNDEFINED>,
                <UNDEFINED>
                  - 3.0.3 typescript
                </UNDEFINED>,
                <UNDEFINED>
                  - 23.1.4 ts-jest
                </UNDEFINED>,
                <UNDEFINED>
                  - 2.14.2 react-navigation
                </UNDEFINED>,
                <UNDEFINED>
                  - 0.21.0 react-native-maps
                </UNDEFINED>,
                <UNDEFINED>
                  - 5.0.0 react-native-vector-icons
                </UNDEFINED>,
                <UNDEFINED>
                  - 0.19.0 react-native-elements
                </UNDEFINED>,
                <UNDEFINED>
                  - 2.1.11 react-apollo
                </UNDEFINED>,
                <UNDEFINED>
                  - 14.0.2 graphql
                </UNDEFINED>,
                <UNDEFINED>
                  - 0.1.16 apollo-boost
                </UNDEFINED>,
                <UNDEFINED>
                  - 1.1.1 aws-amplify
                </UNDEFINED>,
              ],
            },
            "ref": null,
            "rendered": Array [
              Object {
                "instance": null,
                "key": undefined,
                "nodeType": "function",
                "props": Object {
                  "children": "- 16.5.0 react",
                },
                "ref": null,
                "rendered": "- 16.5.0 react",
                "type": undefined,
              },
              Object {
                "instance": null,
                "key": undefined,
                "nodeType": "function",
                "props": Object {
                  "children": "- 0.57.0 react-native",
                },
                "ref": null,
                "rendered": "- 0.57.0 react-native",
                "type": undefined,
              },
              Object {
                "instance": null,
                "key": undefined,
                "nodeType": "function",
                "props": Object {
                  "children": "- 3.0.3 typescript",
                },
                "ref": null,
                "rendered": "- 3.0.3 typescript",
                "type": undefined,
              },
              Object {
                "instance": null,
                "key": undefined,
                "nodeType": "function",
                "props": Object {
                  "children": "- 23.1.4 ts-jest",
                },
                "ref": null,
                "rendered": "- 23.1.4 ts-jest",
                "type": undefined,
              },
              Object {
                "instance": null,
                "key": undefined,
                "nodeType": "function",
                "props": Object {
                  "children": "- 2.14.2 react-navigation",
                },
                "ref": null,
                "rendered": "- 2.14.2 react-navigation",
                "type": undefined,
              },
              Object {
                "instance": null,
                "key": undefined,
                "nodeType": "function",
                "props": Object {
                  "children": "- 0.21.0 react-native-maps",
                },
                "ref": null,
                "rendered": "- 0.21.0 react-native-maps",
                "type": undefined,
              },
              Object {
                "instance": null,
                "key": undefined,
                "nodeType": "function",
                "props": Object {
                  "children": "- 5.0.0 react-native-vector-icons",
                },
                "ref": null,
                "rendered": "- 5.0.0 react-native-vector-icons",
                "type": undefined,
              },
              Object {
                "instance": null,
                "key": undefined,
                "nodeType": "function",
                "props": Object {
                  "children": "- 0.19.0 react-native-elements",
                },
                "ref": null,
                "rendered": "- 0.19.0 react-native-elements",
                "type": undefined,
              },
              Object {
                "instance": null,
                "key": undefined,
                "nodeType": "function",
                "props": Object {
                  "children": "- 2.1.11 react-apollo",
                },
                "ref": null,
                "rendered": "- 2.1.11 react-apollo",
                "type": undefined,
              },
              Object {
                "instance": null,
                "key": undefined,
                "nodeType": "function",
                "props": Object {
                  "children": "- 14.0.2 graphql",
                },
                "ref": null,
                "rendered": "- 14.0.2 graphql",
                "type": undefined,
              },
              Object {
                "instance": null,
                "key": undefined,
                "nodeType": "function",
                "props": Object {
                  "children": "- 0.1.16 apollo-boost",
                },
                "ref": null,
                "rendered": "- 0.1.16 apollo-boost",
                "type": undefined,
              },
              Object {
                "instance": null,
                "key": undefined,
                "nodeType": "function",
                "props": Object {
                  "children": "- 1.1.1 aws-amplify",
                },
                "ref": null,
                "rendered": "- 1.1.1 aws-amplify",
                "type": undefined,
              },
            ],
            "type": undefined,
          },
          "type": undefined,
        },
        Object {
          "instance": null,
          "key": undefined,
          "nodeType": "function",
          "props": Object {
            "children": "Basic icon and one from Elements",
          },
          "ref": null,
          "rendered": "Basic icon and one from Elements",
          "type": undefined,
        },
        Object {
          "instance": null,
          "key": undefined,
          "nodeType": "function",
          "props": Object {
            "color": "blue",
            "name": "map-o",
            "size": 48,
          },
          "ref": null,
          "rendered": null,
          "type": Object {
            "Button": "View",
            "TabBarItem": "View",
            "TabBarItemIOS": "View",
            "ToolbarAndroid": "View",
            "getImageSource": "View",
          },
        },
        Object {
          "instance": null,
          "key": undefined,
          "nodeType": "function",
          "props": Object {
            "color": "purple",
            "name": "user-o",
            "size": 48,
            "type": "font-awesome",
          },
          "ref": null,
          "rendered": null,
          "type": undefined,
        },
      ],
      "type": undefined,
    },
  ],
  Symbol(enzyme.__options__): Object {
    "adapter": ReactSixteenAdapter {
      "options": Object {
        "enableComponentDidUpdateOnSetState": true,
        "lifecycles": Object {
          "componentDidUpdate": Object {
            "onSetState": true,
          },
          "getDerivedStateFromProps": true,
          "getSnapshotBeforeUpdate": true,
          "setState": Object {
            "skipsComponentDidUpdateOnNullish": true,
          },
        },
      },
    },
    "attachTo": undefined,
    "hydrateIn": undefined,
  },
}
`;
