// Jest Snapshot v1, https://goo.gl/fbAQLP

exports[`components MapScreen renders correctly with defaults 1`] = `
ShallowWrapper {
  Symbol(enzyme.__root__): [Circular],
  Symbol(enzyme.__unrendered__): <MapScreen />,
  Symbol(enzyme.__renderer__): Object {
    "batchedUpdates": [Function],
    "getNode": [Function],
    "render": [Function],
    "simulateError": [Function],
    "simulateEvent": [Function],
    "unmount": [Function],
  },
  Symbol(enzyme.__node__): Object {
    "instance": null,
    "key": undefined,
    "nodeType": "function",
    "props": Object {
      "children": null,
      "loadingEnabled": true,
      "loadingIndicatorColor": "#057dc2",
      "maxZoomLevel": 18,
      "onMapReady": [Function],
      "onRegionChangeComplete": [Function],
      "provider": undefined,
      "showsBuildings": true,
      "showsCompass": true,
      "showsMyLocationButton": false,
      "showsUserLocation": true,
      "style": Array [
        Object {
          "flex": 1,
          "justifyContent": "space-between",
        },
        Object {
          "marginBottom": 1,
        },
      ],
      "toolbarEnabled": true,
    },
    "ref": [Function],
    "rendered": null,
    "type": Object {
      "Callout": "View",
      "Circle": "View",
      "MapView": "View",
      "Marker": "View",
      "Overlay": "View",
      "Ploygon": "View",
      "Polyline": "View",
    },
  },
  Symbol(enzyme.__nodes__): Array [
    Object {
      "instance": null,
      "key": undefined,
      "nodeType": "function",
      "props": Object {
        "children": null,
        "loadingEnabled": true,
        "loadingIndicatorColor": "#057dc2",
        "maxZoomLevel": 18,
        "onMapReady": [Function],
        "onRegionChangeComplete": [Function],
        "provider": undefined,
        "showsBuildings": true,
        "showsCompass": true,
        "showsMyLocationButton": false,
        "showsUserLocation": true,
        "style": Array [
          Object {
            "flex": 1,
            "justifyContent": "space-between",
          },
          Object {
            "marginBottom": 1,
          },
        ],
        "toolbarEnabled": true,
      },
      "ref": [Function],
      "rendered": null,
      "type": Object {
        "Callout": "View",
        "Circle": "View",
        "MapView": "View",
        "Marker": "View",
        "Overlay": "View",
        "Ploygon": "View",
        "Polyline": "View",
      },
    },
  ],
  Symbol(enzyme.__options__): Object {
    "adapter": ReactSixteenAdapter {
      "options": Object {
        "enableComponentDidUpdateOnSetState": true,
        "lifecycles": Object {
          "componentDidUpdate": Object {
            "onSetState": true,
          },
          "getDerivedStateFromProps": true,
          "getSnapshotBeforeUpdate": true,
          "setState": Object {
            "skipsComponentDidUpdateOnNullish": true,
          },
        },
      },
    },
    "attachTo": undefined,
    "hydrateIn": undefined,
  },
}
`;
