// Jest Snapshot v1, https://goo.gl/fbAQLP

exports[`components <CrossFbLoginButton /> should match snapshot 1`] = `
<Button
  onLoginFinished={[Function]}
  onLogoutFinished={[Function]}
  style={
    Object {
      "height": 45,
      "marginBottom": 10,
      "marginRight": 10,
      "marginTop": 10,
    }
  }
/>
`;
