// Jest Snapshot v1, https://goo.gl/fbAQLP

exports[`components <HomeScreen /> renders correctly with defaults 1`] = `
<View
  style={
    Object {
      "flex": 1,
      "justifyContent": "space-between",
    }
  }
>
  <View>
    <View
      style={
        Array [
          Object {
            "flex": 1,
            "justifyContent": "space-between",
          },
          Object {
            "paddingLeft": 10,
            "paddingRight": 10,
            "paddingTop": 20,
          },
        ]
      }
    >
      <View
        style={
          Object {
            "flex": 1,
            "justifyContent": "space-between",
          }
        }
      >
        <View
          style={
            Object {
              "color": "black",
              "fontSize": 16,
              "fontWeight": "bold",
            }
          }
        >
          React Native Init Boilerplate
        </View>
      </View>
      <View
        style={
          Object {
            "flex": 1,
            "justifyContent": "space-between",
          }
        }
      >
        <View>
          Tested Libraries:
        </View>
      </View>
      <View
        style={
          Object {
            "flex": 1,
            "justifyContent": "space-between",
          }
        }
      >
        <View>
          - 16.5.0 react
        </View>
      </View>
      <View
        style={
          Object {
            "flex": 1,
            "justifyContent": "space-between",
          }
        }
      >
        <View>
          - 0.57.0 react-native
        </View>
      </View>
      <View
        style={
          Object {
            "flex": 1,
            "justifyContent": "space-between",
          }
        }
      >
        <View
          onPress={[Function]}
          style={
            Object {
              "color": "blue",
              "fontWeight": "bold",
            }
          }
        />
      </View>
      <View
        style={
          Object {
            "flex": 1,
            "justifyContent": "space-between",
          }
        }
      >
        <View
          onPress={[Function]}
          style={
            Object {
              "color": "blue",
              "fontWeight": "bold",
            }
          }
        />
      </View>
      <View
        style={
          Object {
            "flex": 1,
            "justifyContent": "space-between",
          }
        }
      >
        <View
          onPress={[Function]}
          style={
            Object {
              "color": "blue",
              "fontWeight": "bold",
            }
          }
        />
      </View>
      <View
        style={
          Object {
            "flex": 1,
            "justifyContent": "space-between",
          }
        }
      >
        <View
          onPress={[Function]}
          style={
            Object {
              "color": "blue",
              "fontWeight": "bold",
            }
          }
        />
      </View>
      <View
        style={
          Object {
            "flex": 1,
            "justifyContent": "space-between",
          }
        }
      >
        <View
          onPress={[Function]}
          style={
            Object {
              "color": "blue",
              "fontWeight": "bold",
            }
          }
        />
      </View>
      <View
        style={
          Object {
            "flex": 1,
            "justifyContent": "space-between",
          }
        }
      >
        <View
          onPress={[Function]}
          style={
            Object {
              "color": "blue",
              "fontWeight": "bold",
            }
          }
        />
      </View>
      <View
        style={
          Object {
            "flex": 1,
            "justifyContent": "space-between",
          }
        }
      >
        <View
          onPress={[Function]}
          style={
            Object {
              "color": "blue",
              "fontWeight": "bold",
            }
          }
        />
      </View>
      <View
        style={
          Object {
            "flex": 1,
            "justifyContent": "space-between",
          }
        }
      >
        <View
          onPress={[Function]}
          style={
            Object {
              "color": "blue",
              "fontWeight": "bold",
            }
          }
        />
      </View>
      <View
        style={
          Object {
            "flex": 1,
            "justifyContent": "space-between",
          }
        }
      >
        <View
          onPress={[Function]}
          style={
            Object {
              "color": "blue",
              "fontWeight": "bold",
            }
          }
        />
      </View>
      <View
        style={
          Object {
            "flex": 1,
            "justifyContent": "space-between",
          }
        }
      >
        <View
          onPress={[Function]}
          style={
            Object {
              "color": "blue",
              "fontWeight": "bold",
            }
          }
        />
      </View>
      <View
        style={
          Object {
            "flex": 1,
            "justifyContent": "space-between",
          }
        }
      >
        <View
          onPress={[Function]}
          style={
            Object {
              "color": "blue",
              "fontWeight": "bold",
            }
          }
        />
      </View>
      <View
        style={
          Object {
            "flex": 1,
            "justifyContent": "space-between",
          }
        }
      >
        <View
          onPress={[Function]}
          style={
            Object {
              "color": "blue",
              "fontWeight": "bold",
            }
          }
        />
      </View>
      <View
        style={
          Object {
            "flex": 1,
            "justifyContent": "space-between",
          }
        }
      >
        <View
          onPress={[Function]}
          style={
            Object {
              "color": "blue",
              "fontWeight": "bold",
            }
          }
        />
      </View>
    </View>
  </View>
</View>
`;
